../Core/Src/main.c:72:6:led_1_test	8	static
../Core/Src/main.c:75:8:led_2_test	8	static
../Core/Src/main.c:78:8:led_3_test	8	static
../Core/Src/main.c:81:8:led_4_test	8	static
../Core/Src/main.c:84:8:led_5_test	8	static
../Core/Src/main.c:88:5:main	8	static
../Core/Src/main.c:143:6:SystemClock_Config	72	static
../Core/Src/main.c:180:13:MX_TIM2_Init	32	static
../Core/Src/main.c:225:13:MX_USART2_UART_Init	8	static
../Core/Src/main.c:258:13:MX_GPIO_Init	32	static
../Core/Src/main.c:287:6:HAL_TIM_PeriodElapsedCallback	24	static
../Core/Src/main.c:306:6:Error_Handler	4	static,ignoring_inline_asm
