../Core/Src/main.c:72:6:led1test	8	static
../Core/Src/main.c:75:8:led2test	8	static
../Core/Src/main.c:78:8:led3test	8	static
../Core/Src/main.c:81:8:led4test	8	static
../Core/Src/main.c:84:8:led5test	8	static
../Core/Src/main.c:88:5:main	8	static
../Core/Src/main.c:143:6:SystemClock_Config	72	static
../Core/Src/main.c:180:13:MX_TIM2_Init	32	static
../Core/Src/main.c:225:13:MX_USART2_UART_Init	8	static
../Core/Src/main.c:258:13:MX_GPIO_Init	32	static
../Core/Src/main.c:288:6:HAL_TIM_PeriodElapsedCallback	16	static
../Core/Src/main.c:297:6:Error_Handler	4	static,ignoring_inline_asm
